Analyzing admin_dashboard_screen.dart...                        

   info - Parameter 'key' could be a super parameter - lib\features\admin\presentation\admin_dashboard_screen.dart:12:9 - use_super_parameters
   info - 'Share' is deprecated and shouldn't be used. Use SharePlus instead - lib\features\admin\presentation\admin_dashboard_screen.dart:694:15 - deprecated_member_use
   info - 'shareXFiles' is deprecated and shouldn't be used. Use SharePlus.instance.share() instead - lib\features\admin\presentation\admin_dashboard_screen.dart:694:21 - deprecated_member_use

flutter : 3 issues found. 
(ran in 1.2s)
At line:1 char:1
+ flutter analyze lib/featur
es/admin/presentation/admin_
dashboard_scree ...
+ ~~~~~~~~~~~~~~~~~~~~~~~~~~
~~~~~~~~~~~~~~~~~~~~~~~~~~~~
~~~~~~~~~~~~~~~
    + CategoryInfo          
    : NotSpecified: (3 iss  
  ues found. (ran in 1.2s   
 ):String) [], RemoteExc    
eption
    + FullyQualifiedErrorId 
    : NativeCommandError
 
